// Jest Snapshot v1, https://goo.gl/fbAQLP

exports[`fetch widget reports 1`] = `
[
  [
    "ibm",
    "cost",
    "currency=USD&filter[resolution]=daily&filter[time_scope_units]=month&filter[time_scope_value]=-1",
  ],
  [
    "ibm",
    "cost",
    "currency=USD&filter[resolution]=daily&filter[time_scope_units]=month&filter[time_scope_value]=-2",
  ],
  [
    "ibm",
    "cost",
    "currency=USD&filter[limit]=3&filter[resolution]=monthly&filter[time_scope_units]=month&filter[time_scope_value]=-1&group_by[service]=*",
  ],
]
`;

exports[`getGroupByForTab accounts tab 1`] = `{}`;

exports[`getGroupByForTab regions tab 1`] = `{}`;

exports[`getGroupByForTab services tab 1`] = `{}`;

exports[`getGroupByForTab unknown tab 1`] = `{}`;
