// Jest Snapshot v1, https://goo.gl/fbAQLP

exports[`default state 1`] = `
{
  "hasFeatureFlags": false,
  "isExportsFeatureEnabled": false,
  "isFinsightsFeatureEnabled": false,
  "isIbmFeatureEnabled": false,
  "isRosFeatureEnabled": false,
  "isSettingsPlatformFeatureEnabled": false,
}
`;
