// Jest Snapshot v1, https://goo.gl/fbAQLP

exports[`reports are formatted to datums 1`] = `
<div
  data-testid="usage-chart-wrapper"
  style="height: 100px;"
>
  <div
    class="pf-v5-c-chart"
    style="height: 100%; width: 100%; user-select: none; pointer-events: none; position: relative;"
  >
    <svg
      aria-labelledby="victory-container-4-title"
      height="100"
      role="img"
      style="pointer-events: all; width: 100%; height: 100%;"
      viewBox="0 0 0 100"
      width="0"
    >
      <title
        id="victory-container-4-title"
      >
        Usage Chart
      </title>
      <g
        clip-path="url(#victory-clip-5)"
        style="height: 100%; width: 100%; user-select: none;"
      >
        <defs>
          <clippath
            id="victory-clip-5"
          >
            <rect
              height="17"
              vector-effect="non-scaling-stroke"
              width="16"
              x="-8"
              y="8"
            />
          </clippath>
        </defs>
        <g>
          <path
            d="M0.5333333333333332,25L0.5333333333333332,25Z"
            role="presentation"
            shape-rendering="auto"
            style="fill: none; stroke: none; fill-opacity: 0.3; stroke-width: 2;"
          />
          <path
            d="M0.5333333333333332,25Z"
            role="presentation"
            shape-rendering="auto"
            style="fill: none; stroke: #d2d2d2; fill-opacity: 0.3; stroke-width: 2;"
          />
        </g>
      </g>
      <g
        clip-path="url(#victory-clip-6)"
        style="height: 100%; width: 100%; user-select: none;"
      >
        <defs>
          <clippath
            id="victory-clip-6"
          >
            <rect
              height="17"
              vector-effect="non-scaling-stroke"
              width="16"
              x="-8"
              y="8"
            />
          </clippath>
        </defs>
        <g>
          <path
            d="M0.5333333333333332,25L0.5333333333333332,25Z"
            role="presentation"
            shape-rendering="auto"
            style="fill: none; stroke: none; fill-opacity: 0.3; stroke-width: 2;"
          />
          <path
            d="M0.5333333333333332,25Z"
            role="presentation"
            shape-rendering="auto"
            style="fill: none; stroke: #38812f; fill-opacity: 0.3; stroke-width: 2;"
          />
        </g>
      </g>
      <g
        clip-path="url(#victory-clip-7)"
        style="height: 100%; width: 100%; user-select: none;"
      >
        <defs>
          <clippath
            id="victory-clip-7"
          >
            <rect
              height="17"
              vector-effect="non-scaling-stroke"
              width="16"
              x="-8"
              y="8"
            />
          </clippath>
        </defs>
        <g>
          <path
            role="presentation"
            shape-rendering="auto"
            style="fill: none; stroke: none; stroke-dasharray: 3,3; fill-opacity: 0.3; stroke-width: 2;"
          />
          <path
            role="presentation"
            shape-rendering="auto"
            style="fill: none; stroke: #d2d2d2; stroke-dasharray: 3,3; fill-opacity: 0.3; stroke-width: 2;"
          />
        </g>
      </g>
      <g
        clip-path="url(#victory-clip-8)"
        style="height: 100%; width: 100%; user-select: none;"
      >
        <defs>
          <clippath
            id="victory-clip-8"
          >
            <rect
              height="17"
              vector-effect="non-scaling-stroke"
              width="16"
              x="-8"
              y="8"
            />
          </clippath>
        </defs>
        <g>
          <path
            role="presentation"
            shape-rendering="auto"
            style="fill: none; stroke: none; stroke-dasharray: 3,3; fill-opacity: 0.3; stroke-width: 2;"
          />
          <path
            role="presentation"
            shape-rendering="auto"
            style="fill: none; stroke: #4cb140; stroke-dasharray: 3,3; fill-opacity: 0.3; stroke-width: 2;"
          />
        </g>
      </g>
      <g
        role="presentation"
      >
        <line
          role="presentation"
          shape-rendering="auto"
          style="stroke: var(--pf-v5-chart-axis--axis--stroke--Color, #d2d2d2); fill: var(--pf-v5-chart-axis--axis--Fill, transparent); stroke-width: 1; stroke-linecap: round; stroke-linejoin: round;"
          vector-effect="non-scaling-stroke"
          x1="8"
          x2="-8"
          y1="25"
          y2="25"
        />
        <g
          role="presentation"
        >
          <text
            direction="inherit"
            dx="0"
            id="exampleUsageChart-ChartAxis-4-ChartLabel-0"
            x="8"
            y="51.97"
          >
            <tspan
              dx="0"
              dy="0"
              style="font-family: "RedHatText",helvetica,arial,sans-serif; font-size: 14px; letter-spacing: normal; padding: 10px; stroke: var(--pf-v5-chart-global--label--stroke, transparent); fill: var(--pf-v5-chart-axis--tick-label--Fill, #4f5255); text-anchor: middle;"
              text-anchor="middle"
              x="8"
            >
              1
            </tspan>
          </text>
        </g>
        <g
          role="presentation"
        >
          <text
            direction="inherit"
            dx="0"
            id="exampleUsageChart-ChartAxis-4-ChartLabel-1"
            x="0.5333333333333332"
            y="51.97"
          >
            <tspan
              dx="0"
              dy="0"
              style="font-family: "RedHatText",helvetica,arial,sans-serif; font-size: 14px; letter-spacing: normal; padding: 10px; stroke: var(--pf-v5-chart-global--label--stroke, transparent); fill: var(--pf-v5-chart-axis--tick-label--Fill, #4f5255); text-anchor: middle;"
              text-anchor="middle"
              x="0.5333333333333332"
            >
              15
            </tspan>
          </text>
        </g>
        <g
          role="presentation"
        >
          <text
            direction="inherit"
            dx="0"
            id="exampleUsageChart-ChartAxis-4-ChartLabel-2"
            x="-8"
            y="51.97"
          >
            <tspan
              dx="0"
              dy="0"
              style="font-family: "RedHatText",helvetica,arial,sans-serif; font-size: 14px; letter-spacing: normal; padding: 10px; stroke: var(--pf-v5-chart-global--label--stroke, transparent); fill: var(--pf-v5-chart-axis--tick-label--Fill, #4f5255); text-anchor: middle;"
              text-anchor="middle"
              x="-8"
            >
              31
            </tspan>
          </text>
        </g>
      </g>
      <g
        role="presentation"
      >
        <line
          role="presentation"
          shape-rendering="auto"
          style="stroke: var(--pf-v5-chart-axis--axis--stroke--Color, #d2d2d2); fill: var(--pf-v5-chart-axis--axis--Fill, transparent); stroke-width: 1; stroke-linecap: round; stroke-linejoin: round;"
          vector-effect="non-scaling-stroke"
          x1="8"
          x2="8"
          y1="8"
          y2="25"
        />
        <g
          role="presentation"
        >
          <text
            direction="inherit"
            dx="0"
            id="exampleUsageChart-ChartAxis-5-ChartLabel-0"
            x="-7"
            y="20.75"
          >
            <tspan
              dx="0"
              dy="0"
              style="font-size: 0px; font-family: "RedHatText",helvetica,arial,sans-serif; letter-spacing: normal; padding: 10px; stroke: var(--pf-v5-chart-global--label--stroke, transparent); fill: var(--pf-v5-chart-axis--tick-label--Fill, #4f5255); text-anchor: end;"
              text-anchor="end"
              x="-7"
            >
              0.00000000005
            </tspan>
          </text>
        </g>
        <g
          role="presentation"
        >
          <text
            direction="inherit"
            dx="0"
            id="exampleUsageChart-ChartAxis-5-ChartLabel-1"
            x="-7"
            y="16.5"
          >
            <tspan
              dx="0"
              dy="0"
              style="font-size: 0px; font-family: "RedHatText",helvetica,arial,sans-serif; letter-spacing: normal; padding: 10px; stroke: var(--pf-v5-chart-global--label--stroke, transparent); fill: var(--pf-v5-chart-axis--tick-label--Fill, #4f5255); text-anchor: end;"
              text-anchor="end"
              x="-7"
            >
              0.00000000010
            </tspan>
          </text>
        </g>
        <g
          role="presentation"
        >
          <text
            direction="inherit"
            dx="0"
            id="exampleUsageChart-ChartAxis-5-ChartLabel-2"
            x="-7"
            y="12.25"
          >
            <tspan
              dx="0"
              dy="0"
              style="font-size: 0px; font-family: "RedHatText",helvetica,arial,sans-serif; letter-spacing: normal; padding: 10px; stroke: var(--pf-v5-chart-global--label--stroke, transparent); fill: var(--pf-v5-chart-axis--tick-label--Fill, #4f5255); text-anchor: end;"
              text-anchor="end"
              x="-7"
            >
              0.00000000015
            </tspan>
          </text>
        </g>
        <g
          role="presentation"
        >
          <text
            direction="inherit"
            dx="0"
            id="exampleUsageChart-ChartAxis-5-ChartLabel-3"
            x="-7"
            y="8"
          >
            <tspan
              dx="0"
              dy="0"
              style="font-size: 0px; font-family: "RedHatText",helvetica,arial,sans-serif; letter-spacing: normal; padding: 10px; stroke: var(--pf-v5-chart-global--label--stroke, transparent); fill: var(--pf-v5-chart-axis--tick-label--Fill, #4f5255); text-anchor: end;"
              text-anchor="end"
              x="-7"
            >
              0.00000000020
            </tspan>
          </text>
        </g>
      </g>
      <g>
        <rect
          height="14"
          role="presentation"
          shape-rendering="auto"
          style="fill: none;"
          vector-effect="non-scaling-stroke"
          width="158.4"
          x="0"
          y="57"
        />
        <path
          d="M 7.84, 73.156
      h12.32
      v-4.312
      h-12.32
      z"
          role="presentation"
          shape-rendering="auto"
          style="fill: #d2d2d2;"
        />
        <path
          d="M 47.44, 73.156
      h12.320000000000007
      v-4.312
      h-12.320000000000007
      z"
          role="presentation"
          shape-rendering="auto"
          style="fill: #38812f;"
        />
        <path
          d="M 87.04, 73.156
      h3.695999999999998
      v-4.312
      h-3.695999999999998
      z
      M 91.968, 73.156
      h3.695999999999998
      v-4.312
      h-3.695999999999998
      z
      M 96.896, 73.156
      h3.695999999999998
      v-4.312
      h-3.695999999999998
      z"
          role="presentation"
          shape-rendering="auto"
          style="fill: #d2d2d2;"
        />
        <path
          d="M 126.64000000000001, 73.156
      h3.695999999999998
      v-4.312
      h-3.695999999999998
      z
      M 131.568, 73.156
      h3.695999999999998
      v-4.312
      h-3.695999999999998
      z
      M 136.496, 73.156
      h3.695999999999998
      v-4.312
      h-3.695999999999998
      z"
          role="presentation"
          shape-rendering="auto"
          style="fill: #4cb140;"
        />
        <text
          direction="inherit"
          dx="0"
          id="exampleUsageChart-legend-ChartLabel-0"
          x="30.8"
          y="75.97"
        >
          <tspan
            dx="0"
            dy="0"
            style="font-family: "RedHatText",helvetica,arial,sans-serif; font-size: 14px; letter-spacing: normal; padding: 10px; stroke: var(--pf-v5-chart-global--label--stroke, transparent); fill: var(--pf-v5-chart-global--label--Fill, #151515);"
            text-anchor="start"
            x="30.8"
          >
            Usage ({dateRange}){"dateRange":""}
          </tspan>
        </text>
        <text
          direction="inherit"
          dx="0"
          id="exampleUsageChart-legend-ChartLabel-1"
          x="70.39999999999999"
          y="75.97"
        >
          <tspan
            dx="0"
            dy="0"
            style="font-family: "RedHatText",helvetica,arial,sans-serif; font-size: 14px; letter-spacing: normal; padding: 10px; stroke: var(--pf-v5-chart-global--label--stroke, transparent); fill: var(--pf-v5-chart-global--label--Fill, #151515);"
            text-anchor="start"
            x="70.39999999999999"
          >
            Usage ({dateRange}){"dateRange":""}
          </tspan>
        </text>
        <text
          direction="inherit"
          dx="0"
          id="exampleUsageChart-legend-ChartLabel-2"
          x="110"
          y="75.97"
        >
          <tspan
            dx="0"
            dy="0"
            style="font-family: "RedHatText",helvetica,arial,sans-serif; font-size: 14px; letter-spacing: normal; padding: 10px; stroke: var(--pf-v5-chart-global--label--stroke, transparent); fill: var(--pf-v5-chart-global--label--Fill, #151515);"
            text-anchor="start"
            x="110"
          >
            Requests (no data)
          </tspan>
        </text>
        <text
          direction="inherit"
          dx="0"
          id="exampleUsageChart-legend-ChartLabel-3"
          x="149.60000000000002"
          y="75.97"
        >
          <tspan
            dx="0"
            dy="0"
            style="font-family: "RedHatText",helvetica,arial,sans-serif; font-size: 14px; letter-spacing: normal; padding: 10px; stroke: var(--pf-v5-chart-global--label--stroke, transparent); fill: var(--pf-v5-chart-global--label--Fill, #151515);"
            text-anchor="start"
            x="149.60000000000002"
          >
            Requests (no data)
          </tspan>
        </text>
      </g>
    </svg>
    <div
      style="z-index: 99; position: absolute; top: 0px; left: 0px; width: 100%; height: 100%;"
    >
      <svg
        height="100"
        style="overflow: visible; width: 100%; height: 100%;"
        viewBox="0 0 0 100"
        width="0"
      />
    </div>
  </div>
</div>
`;
