// Jest Snapshot v1, https://goo.gl/fbAQLP

exports[`default state 1`] = `
{
  "sources": {
    "currentFilterType": "name",
    "currentFilterValue": "",
    "error": null,
    "filter": "",
    "sources": null,
    "status": 0,
  },
}
`;
