// Jest Snapshot v1, https://goo.gl/fbAQLP

exports[`fetch widget reports 1`] = `
[
  [
    "rhel",
    "cost",
    "currency=USD&filter[resolution]=daily&filter[time_scope_units]=month&filter[time_scope_value]=-1",
  ],
  [
    "rhel",
    "cost",
    "currency=USD&filter[resolution]=daily&filter[time_scope_units]=month&filter[time_scope_value]=-2",
  ],
  [
    "rhel",
    "cost",
    "currency=USD&filter[limit]=3&filter[resolution]=monthly&filter[time_scope_units]=month&filter[time_scope_value]=-1&group_by[project]=*",
  ],
]
`;

exports[`getGroupByForTab clusters tab 1`] = `
{
  "cluster": "*",
}
`;

exports[`getGroupByForTab nodes tab 1`] = `
{
  "node": "*",
}
`;

exports[`getGroupByForTab projects tab 1`] = `
{
  "project": "*",
}
`;

exports[`getGroupByForTab unknown tab 1`] = `{}`;
