// Jest Snapshot v1, https://goo.gl/fbAQLP

exports[`fetch widget reports 1`] = `
[
  [
    "oci",
    "cost",
    "currency=USD&filter[resolution]=daily&filter[time_scope_units]=month&filter[time_scope_value]=-1",
  ],
  [
    "oci",
    "cost",
    "currency=USD&filter[resolution]=daily&filter[time_scope_units]=month&filter[time_scope_value]=-2",
  ],
  [
    "oci",
    "cost",
    "currency=USD&filter[limit]=3&filter[resolution]=monthly&filter[time_scope_units]=month&filter[time_scope_value]=-1&group_by[product_service]=*",
  ],
]
`;

exports[`getGroupByForTab accounts tab 1`] = `
{
  "payer_tenant_id": "*",
}
`;

exports[`getGroupByForTab regions tab 1`] = `
{
  "region": "*",
}
`;

exports[`getGroupByForTab services tab 1`] = `
{
  "product_service": "*",
}
`;

exports[`getGroupByForTab unknown tab 1`] = `{}`;
